--------------------------------------------------------------------------------------
Timing Analyzer Summary
--------------------------------------------------------------------------------------

Type           : Worst-case tco
Slack          : N/A
Required Time  : None
Actual Time    : 15.013 ns
From           : RollCount[1]
To             : output[4]
From Clock     : Rollclock
To Clock       : --
Failed Paths   : 0

Type           : Worst-case tpd
Slack          : N/A
Required Time  : None
Actual Time    : 14.288 ns
From           : input[1]
To             : output[5]
From Clock     : --
To Clock       : --
Failed Paths   : 0

Type           : Clock Setup: 'Rollclock'
Slack          : N/A
Required Time  : None
Actual Time    : Restricted to 304.04 MHz ( period = 3.289 ns )
From           : RollCount[0]
To             : RollCount[2]
From Clock     : Rollclock
To Clock       : Rollclock
Failed Paths   : 0

Type           : Total number of failed paths
Slack          : 
Required Time  : 
Actual Time    : 
From           : 
To             : 
From Clock     : 
To Clock       : 
Failed Paths   : 0

--------------------------------------------------------------------------------------

